Microchip MPLAB XC8 Compiler V1.42 ()

Linker command line:

-W-3 --edf=D:\Program Files (x86)\Microchip\xc8\v1.42\dat\en_msgs.txt -cs \
  -h+dist/default/production\GLCD.X.production.sym \
  --cmf=dist/default/production\GLCD.X.production.cmf -z -Q18F4620 \
  -oC:\Users\Admin\AppData\Local\Temp\sto4.2 \
  -Mdist/default/production/GLCD.X.production.map -E1 -ver=XC8 \
  -ASTACK=080h-0f7fh -pstack=STACK -ACODE=00h-0FFFFh -ACONST=00h-0FFFFh \
  -ASMALLCONST=01000h-010FFhx240 -AMEDIUMCONST=01000h-0FFFFh \
  -ACOMRAM=01h-07Fh -AABS1=00h-0F7Fh -ABIGRAM=01h-0F7Fh \
  -ARAM=080h-0FFh,0100h-01FFhx14,0F00h-0F7Fh -ABANK0=080h-0FFh \
  -ABANK1=0100h-01FFh -ABANK2=0200h-02FFh -ABANK3=0300h-03FFh \
  -ABANK4=0400h-04FFh -ABANK5=0500h-05FFh -ABANK6=0600h-06FFh \
  -ABANK7=0700h-07FFh -ABANK8=0800h-08FFh -ABANK9=0900h-09FFh \
  -ABANK10=0A00h-0AFFh -ABANK11=0B00h-0BFFh -ABANK12=0C00h-0CFFh \
  -ABANK13=0D00h-0DFFh -ABANK14=0E00h-0EFFh -ABANK15=0F00h-0F7Fh \
  -ASFR=0F80h-0FFFh -preset_vec=00h,intcode,intcodelo,powerup,init \
  -pramtop=01000h -psmallconst=SMALLCONST -pmediumconst=MEDIUMCONST \
  -pconst=CONST -AFARRAM=00h-00h -ACONFIG=0300000h-030000Dh -pconfig=CONFIG \
  -AIDLOC=0200000h-0200007h -pidloc=IDLOC -AEEDATA=0F00000h-0F003FFh \
  -peeprom_data=EEDATA \
  -prdata=COMRAM,nvrram=COMRAM,nvbit=COMRAM,rbss=COMRAM,rbit=COMRAM \
  -pfarbss=FARRAM,fardata=FARRAM,nvFARRAM=FARRAM \
  -pintsave_regs=BIGRAM,bigbss=BIGRAM,bigdata=BIGRAM -pbss=RAM \
  -pidata=CODE,irdata=CODE,ibigdata=CODE,ifardata=CODE -prparam=COMRAM \
  C:\Users\Admin\AppData\Local\Temp\sto4.obj \
  dist/default/production\GLCD.X.production.obj 

Object code version is 3.11

Machine type is 18F4620

Call graph: (short form)




                Name                               Link     Load   Length Selector   Space Scale
C:\Users\Admin\AppData\Local\Temp\sto4.obj
                init                                  0        0        4        0       0
                idloc                            200000   200000        8   200000       0
                config                           300000   300000        E   300000       0
dist/default/production\GLCD.X.production.obj
                smallconst                         1000     1000       4E      800       0
                text13                             1BE0     1BE0       84      827       0
                text12                             1C64     1C64       70      827       0
                text11                             1E92     1E92       26      827       0
                text10                             1EB8     1EB8       24      827       0
                text9                              1EE8     1EE8        A      827       0
                text8                              1E6A     1E6A       28      827       0
                text7                              1A60     1A60      180      827       0
                text6                              1CD4     1CD4       6E      827       0
                text5                              1D42     1D42       5C      827       0
                text4                              1D9E     1D9E       50      827       0
                text3                              1E32     1E32       38      827       0
                text2                              1754     1754      30C      827       0
                text1                              1DEE     1DEE       44      827       0
                text0                              104E     104E      706      827       0
                cstackCOMRAM                          1        1       29        1       1
                bssCOMRAM                            2A       2A        1        1       1
                cinit                              1EDC     1EDC        C      827       0

TOTAL           Name                               Link     Load   Length     Space
        CLASS   STACK          

        CLASS   CODE           
                init                                  0        0        4         0
                text13                             1BE0     1BE0       84         0
                text12                             1C64     1C64       70         0
                text11                             1E92     1E92       26         0
                text10                             1EB8     1EB8       24         0
                text9                              1EE8     1EE8        A         0
                text8                              1E6A     1E6A       28         0
                text7                              1A60     1A60      180         0
                text6                              1CD4     1CD4       6E         0
                text5                              1D42     1D42       5C         0
                text4                              1D9E     1D9E       50         0
                text3                              1E32     1E32       38         0
                text2                              1754     1754      30C         0
                text1                              1DEE     1DEE       44         0
                text0                              104E     104E      706         0
                cinit                              1EDC     1EDC        C         0

        CLASS   CONST          

        CLASS   SMALLCONST     
                smallconst                         1000     1000       4E         0

        CLASS   MEDIUMCONST    

        CLASS   COMRAM         
                cstackCOMRAM                          1        1       29         1
                bssCOMRAM                            2A       2A        1         1

        CLASS   ABS1           

        CLASS   BIGRAM         

        CLASS   RAM            

        CLASS   BANK0          

        CLASS   BANK1          

        CLASS   BANK2          

        CLASS   BANK3          

        CLASS   BANK4          

        CLASS   BANK5          

        CLASS   BANK6          

        CLASS   BANK7          

        CLASS   BANK8          

        CLASS   BANK9          

        CLASS   BANK10         

        CLASS   BANK11         

        CLASS   BANK12         

        CLASS   BANK13         

        CLASS   BANK14         

        CLASS   BANK15         

        CLASS   SFR            

        CLASS   FARRAM         

        CLASS   CONFIG         
                config                           300000   300000        E         0

        CLASS   IDLOC          
                idloc                            200000   200000        8         0

        CLASS   EEDATA         



SEGMENTS        Name                           Load    Length   Top    Selector   Space  Class

                reset_vec                      000000  000004  000004         0       0  CODE    
                cstackCOMRAM                   000001  00002A  00002B         1       1  COMRAM  
                smallconst                     001000  00004E  00104E       800       0  SMALLCON
                text0                          00104E  000EA4  001EF2       827       0  CODE    
                idloc                          200000  000008  200008    200000       0  IDLOC   
                config                         300000  00000E  30000E    300000       0  CONFIG  


UNUSED ADDRESS RANGES

        Name                Unused          Largest block    Delta
        BANK0            000080-0000FF               80
        BANK1            000100-0001FF              100
        BANK10           000A00-000AFF              100
        BANK11           000B00-000BFF              100
        BANK12           000C00-000CFF              100
        BANK13           000D00-000DFF              100
        BANK14           000E00-000EFF              100
        BANK15           000F00-000F7F               80
        BANK2            000200-0002FF              100
        BANK3            000300-0003FF              100
        BANK4            000400-0004FF              100
        BANK5            000500-0005FF              100
        BANK6            000600-0006FF              100
        BANK7            000700-0007FF              100
        BANK8            000800-0008FF              100
        BANK9            000900-0009FF              100
        BIGRAM           00002B-000F7F              F55
        CODE             000004-000FFF              FFC
                         001EF2-00FFFF             E10E
        COMRAM           00002B-00007F               55
        CONST            000004-000FFF              FFC
                         001EF2-00FFFF             E10E
        EEDATA           F00000-F003FF              400
        MEDIUMCONST      001EF2-00FFFF             E10E
        RAM              000080-000F7F              100
        SFR              000F80-000FFF               80
        SMALLCONST       001EF2-00FFFF              100
        STACK            000080-000F7F              F00

                                  Symbol Table

?___awdiv                           cstackCOMRAM 000001
?___awmod                           cstackCOMRAM 000009
?___wmul                            cstackCOMRAM 000001
_ADCON0                             (abs)        000FC2
_ADCON1                             (abs)        000FC1
_ADCON2                             (abs)        000FC0
_BLACK                              smallconst   001025
_BLUE                               smallconst   001009
_CMCONbits                          (abs)        000FB4
_CVRCON                             (abs)        000FB5
_GLCD_ADDRESSABLE_SIZE_HORZ         smallconst   00104A
_GLCD_ADDRESSABLE_SIZE_VERT         smallconst   001049
_GLCD_SIZE_HORZ                     smallconst   001048
_GLCD_SIZE_VERT                     smallconst   001047
_GREEN                              smallconst   00100D
_GREY                               smallconst   001021
_INDIGO                             smallconst   001005
_INST_CASET                         smallconst   00103D
_INST_COLMOD                        smallconst   001034
_INST_DISPOFF                       smallconst   00103F
_INST_DISPON                        smallconst   00103E
_INST_FRMCTR1                       smallconst   001033
_INST_FRMCTR2                       smallconst   001032
_INST_FRMCTR3                       smallconst   001031
_INST_GAMSET                        smallconst   001040
_INST_IDMOFF                        smallconst   001036
_INST_IDMON                         smallconst   001035
_INST_INVCTR                        smallconst   001030
_INST_INVOFF                        smallconst   00104B
_INST_INVON                         smallconst   00104C
_INST_MADCTL                        smallconst   001037
_INST_NOP                           smallconst   001046
_INST_NORON                         smallconst   001041
_INST_PTLAR                         smallconst   00103A
_INST_PTLON                         smallconst   001042
_INST_PWCTR1                        smallconst   00102F
_INST_PWCTR2                        smallconst   00102E
_INST_PWCTR3                        smallconst   00102D
_INST_PWCTR4                        smallconst   00102C
_INST_PWCTR5                        smallconst   00102B
_INST_RAMWR                         smallconst   00103B
_INST_RASET                         smallconst   00103C
_INST_SLPIN                         smallconst   001044
_INST_SLPOUT                        smallconst   001043
_INST_SWRESET                       smallconst   001045
_INST_TEOFF                         smallconst   001039
_INST_TEON                          smallconst   001038
_INST_VMCTR1                        smallconst   00102A
_INST_VMOFCTR2                      smallconst   001029
_INT1IE                             (abs)        007F83
_INTCONbits                         (abs)        000FF2
_LATA                               (abs)        000F89
_LATB                               (abs)        000F8A
_LATC                               (abs)        000F8B
_LATD                               (abs)        000F8C
_LATDbits                           (abs)        000F8C
_LATE                               (abs)        000F8D
_MADCTLbits                         bssCOMRAM    00002A
_ORANGE                             smallconst   001015
_PEIE                               (abs)        007F96
_RED                                smallconst   001019
_SSPBUF                             (abs)        000FC9
_SSPCON1                            (abs)        000FC6
_SSPCON1bits                        (abs)        000FC6
_SSPIF                              (abs)        007CF3
_SSPSTAT                            (abs)        000FC7
_SSPSTATbits                        (abs)        000FC7
_TRISA                              (abs)        000F92
_TRISB                              (abs)        000F93
_TRISC                              (abs)        000F94
_TRISCbits                          (abs)        000F94
_TRISD                              (abs)        000F95
_TRISDbits                          (abs)        000F95
_TRISE                              (abs)        000F96
_VIOLET                             smallconst   001001
_WHITE                              smallconst   00101D
_YELLOW                             smallconst   001011
__CFG_BOREN$SBORDIS                 (abs)        000000
__CFG_BORV$3                        (abs)        000000
__CFG_CCP2MX$PORTC                  (abs)        000000
__CFG_CP0$OFF                       (abs)        000000
__CFG_CP1$OFF                       (abs)        000000
__CFG_CP2$OFF                       (abs)        000000
__CFG_CP3$OFF                       (abs)        000000
__CFG_CPB$OFF                       (abs)        000000
__CFG_CPD$ON                        (abs)        000000
__CFG_EBTR0$OFF                     (abs)        000000
__CFG_EBTR1$OFF                     (abs)        000000
__CFG_EBTR2$OFF                     (abs)        000000
__CFG_EBTR3$OFF                     (abs)        000000
__CFG_EBTRB$OFF                     (abs)        000000
__CFG_FCMEN$OFF                     (abs)        000000
__CFG_IESO$OFF                      (abs)        000000
__CFG_LPT1OSC$OFF                   (abs)        000000
__CFG_LVP$OFF                       (abs)        000000
__CFG_MCLRE$ON                      (abs)        000000
__CFG_OSC$HSPLL                     (abs)        000000
__CFG_PBADEN$ON                     (abs)        000000
__CFG_PWRT$OFF                      (abs)        000000
__CFG_STVREN$ON                     (abs)        000000
__CFG_WDT$OFF                       (abs)        000000
__CFG_WDTPS$32768                   (abs)        000000
__CFG_WRT0$OFF                      (abs)        000000
__CFG_WRT1$OFF                      (abs)        000000
__CFG_WRT2$OFF                      (abs)        000000
__CFG_WRT3$OFF                      (abs)        000000
__CFG_WRTB$OFF                      (abs)        000000
__CFG_WRTC$OFF                      (abs)        000000
__CFG_WRTD$OFF                      (abs)        000000
__CFG_XINST$OFF                     (abs)        000000
__HRAM                              (abs)        000000
__Habs1                             abs1         000000
__Hbank0                            bank0        000000
__Hbank1                            bank1        000000
__Hbank10                           bank10       000000
__Hbank11                           bank11       000000
__Hbank12                           bank12       000000
__Hbank13                           bank13       000000
__Hbank14                           bank14       000000
__Hbank15                           bank15       000000
__Hbank2                            bank2        000000
__Hbank3                            bank3        000000
__Hbank4                            bank4        000000
__Hbank5                            bank5        000000
__Hbank6                            bank6        000000
__Hbank7                            bank7        000000
__Hbank8                            bank8        000000
__Hbank9                            bank9        000000
__Hbigbss                           bigbss       000000
__Hbigdata                          bigdata      000000
__Hbigram                           bigram       000000
__Hbss                              bss          000000
__HbssCOMRAM                        bssCOMRAM    000000
__Hcinit                            cinit        000000
__Hclrtext                          clrtext      000000
__Hcomram                           comram       000000
__Hconfig                           config       30000E
__Hconst                            const        000000
__HcstackCOMRAM                     cstackCOMRAM 000000
__Hdata                             data         000000
__Heeprom_data                      eeprom_data  000000
__Hfarbss                           farbss       000000
__Hfardata                          fardata      000000
__Hibigdata                         ibigdata     000000
__Hidata                            idata        000000
__Hidloc                            idloc        200008
__Hifardata                         ifardata     000000
__Hinit                             init         000004
__Hintcode                          intcode      000000
__Hintcode_body                     intcode_body 000000
__Hintcodelo                        intcodelo    000000
__Hintentry                         intentry     000000
__Hintret                           intret       000000
__Hintsave_regs                     intsave_regs 000000
__Hirdata                           irdata       000000
__Hmediumconst                      mediumconst  000000
__HnvFARRAM                         nvFARRAM     000000
__Hnvbit                            nvbit        000000
__Hnvrram                           nvrram       000000
__Hparam                            rparam       000000
__Hpowerup                          powerup      000000
__Hram                              ram          000000
__Hramtop                           ramtop       001000
__Hrbit                             rbit         000000
__Hrbss                             rbss         000000
__Hrdata                            rdata        000000
__Hreset_vec                        reset_vec    000000
__Hrparam                           rparam       000000
__Hsfr                              sfr          000000
__Hsmallconst                       smallconst   00104E
__Hspace_0                          (abs)        30000E
__Hspace_1                          (abs)        00002B
__Hspace_2                          (abs)        000000
__Hstack                            stack        000000
__Hstruct                           struct       000000
__Htemp                             temp         000000
__Htext                             text         000000
__Htext0                            text0        000000
__Htext1                            text1        000000
__Htext10                           text10       000000
__Htext11                           text11       000000
__Htext12                           text12       000000
__Htext13                           text13       000000
__Htext2                            text2        000000
__Htext3                            text3        000000
__Htext4                            text4        000000
__Htext5                            text5        000000
__Htext6                            text6        000000
__Htext7                            text7        000000
__Htext8                            text8        000000
__Htext9                            text9        000000
__LRAM                              (abs)        000001
__Labs1                             abs1         000000
__Lbank0                            bank0        000000
__Lbank1                            bank1        000000
__Lbank10                           bank10       000000
__Lbank11                           bank11       000000
__Lbank12                           bank12       000000
__Lbank13                           bank13       000000
__Lbank14                           bank14       000000
__Lbank15                           bank15       000000
__Lbank2                            bank2        000000
__Lbank3                            bank3        000000
__Lbank4                            bank4        000000
__Lbank5                            bank5        000000
__Lbank6                            bank6        000000
__Lbank7                            bank7        000000
__Lbank8                            bank8        000000
__Lbank9                            bank9        000000
__Lbigbss                           bigbss       000000
__Lbigdata                          bigdata      000000
__Lbigram                           bigram       000000
__Lbss                              bss          000000
__LbssCOMRAM                        bssCOMRAM    000000
__Lcinit                            cinit        000000
__Lclrtext                          clrtext      000000
__Lcomram                           comram       000000
__Lconfig                           config       300000
__Lconst                            const        000000
__LcstackCOMRAM                     cstackCOMRAM 000000
__Ldata                             data         000000
__Leeprom_data                      eeprom_data  000000
__Lfarbss                           farbss       000000
__Lfardata                          fardata      000000
__Libigdata                         ibigdata     000000
__Lidata                            idata        000000
__Lidloc                            idloc        200000
__Lifardata                         ifardata     000000
__Linit                             init         000000
__Lintcode                          intcode      000000
__Lintcode_body                     intcode_body 000000
__Lintcodelo                        intcodelo    000000
__Lintentry                         intentry     000000
__Lintret                           intret       000000
__Lintsave_regs                     intsave_regs 000000
__Lirdata                           irdata       000000
__Lmediumconst                      mediumconst  000000
__LnvFARRAM                         nvFARRAM     000000
__Lnvbit                            nvbit        000000
__Lnvrram                           nvrram       000000
__Lparam                            rparam       000000
__Lpowerup                          powerup      000000
__Lram                              ram          000000
__Lramtop                           ramtop       001000
__Lrbit                             rbit         000000
__Lrbss                             rbss         000000
__Lrdata                            rdata        000000
__Lreset_vec                        reset_vec    000000
__Lrparam                           rparam       000000
__Lsfr                              sfr          000000
__Lsmallconst                       smallconst   001000
__Lspace_0                          (abs)        000000
__Lspace_1                          (abs)        000000
__Lspace_2                          (abs)        000000
__Lstack                            stack        000000
__Lstruct                           struct       000000
__Ltemp                             temp         000000
__Ltext                             text         000000
__Ltext0                            text0        000000
__Ltext1                            text1        000000
__Ltext10                           text10       000000
__Ltext11                           text11       000000
__Ltext12                           text12       000000
__Ltext13                           text13       000000
__Ltext2                            text2        000000
__Ltext3                            text3        000000
__Ltext4                            text4        000000
__Ltext5                            text5        000000
__Ltext6                            text6        000000
__Ltext7                            text7        000000
__Ltext8                            text8        000000
__Ltext9                            text9        000000
__S0                                (abs)        30000E
__S1                                (abs)        00002B
__S2                                (abs)        000000
___awdiv                            text13       001BE0
___awdiv@counter                    cstackCOMRAM 000005
___awdiv@dividend                   cstackCOMRAM 000001
___awdiv@divisor                    cstackCOMRAM 000003
___awdiv@quotient                   cstackCOMRAM 000007
___awdiv@sign                       cstackCOMRAM 000006
___awmod                            text12       001C64
___awmod@counter                    cstackCOMRAM 00000D
___awmod@dividend                   cstackCOMRAM 000009
___awmod@divisor                    cstackCOMRAM 00000B
___awmod@sign                       cstackCOMRAM 00000E
___inthi_sp                         stack        000000
___intlo_sp                         stack        000000
___param_bank                       (abs)        000000
___rparam_used                      (abs)        000001
___sp                               stack        000000
___wmul                             text11       001E92
___wmul@multiplicand                cstackCOMRAM 000003
___wmul@multiplier                  cstackCOMRAM 000001
___wmul@product                     cstackCOMRAM 000005
__accesstop                         (abs)        000080
__activetblptr                      (abs)        000002
__end_of_BLACK                      smallconst   001029
__end_of_BLUE                       smallconst   00100D
__end_of_GLCD_ADDRESSABLE_SIZE_HORZ smallconst   00104B
__end_of_GLCD_ADDRESSABLE_SIZE_VERT smallconst   00104A
__end_of_GLCD_SIZE_HORZ             smallconst   001049
__end_of_GLCD_SIZE_VERT             smallconst   001048
__end_of_GREEN                      smallconst   001011
__end_of_GREY                       smallconst   001025
__end_of_INDIGO                     smallconst   001009
__end_of_INST_CASET                 smallconst   00103E
__end_of_INST_COLMOD                smallconst   001035
__end_of_INST_DISPOFF               smallconst   001040
__end_of_INST_DISPON                smallconst   00103F
__end_of_INST_FRMCTR1               smallconst   001034
__end_of_INST_FRMCTR2               smallconst   001033
__end_of_INST_FRMCTR3               smallconst   001032
__end_of_INST_GAMSET                smallconst   001041
__end_of_INST_IDMOFF                smallconst   001037
__end_of_INST_IDMON                 smallconst   001036
__end_of_INST_INVCTR                smallconst   001031
__end_of_INST_INVOFF                smallconst   00104C
__end_of_INST_INVON                 smallconst   00104D
__end_of_INST_MADCTL                smallconst   001038
__end_of_INST_NOP                   smallconst   001047
__end_of_INST_NORON                 smallconst   001042
__end_of_INST_PTLAR                 smallconst   00103B
__end_of_INST_PTLON                 smallconst   001043
__end_of_INST_PWCTR1                smallconst   001030
__end_of_INST_PWCTR2                smallconst   00102F
__end_of_INST_PWCTR3                smallconst   00102E
__end_of_INST_PWCTR4                smallconst   00102D
__end_of_INST_PWCTR5                smallconst   00102C
__end_of_INST_RAMWR                 smallconst   00103C
__end_of_INST_RASET                 smallconst   00103D
__end_of_INST_SLPIN                 smallconst   001045
__end_of_INST_SLPOUT                smallconst   001044
__end_of_INST_SWRESET               smallconst   001046
__end_of_INST_TEOFF                 smallconst   00103A
__end_of_INST_TEON                  smallconst   001039
__end_of_INST_VMCTR1                smallconst   00102B
__end_of_INST_VMOFCTR2              smallconst   00102A
__end_of_ORANGE                     smallconst   001019
__end_of_RED                        smallconst   00101D
__end_of_VIOLET                     smallconst   001005
__end_of_WHITE                      smallconst   001021
__end_of_YELLOW                     smallconst   001015
__end_of___awdiv                    text13       001C64
__end_of___awmod                    text12       001CD4
__end_of___wmul                     text11       001EB8
__end_of__initialization            cinit        001EDE
__end_of_glcdDrawPixel              text6        001D42
__end_of_glcdDrawRectangle          text7        001BE0
__end_of_glcdSetCOLMOD              text4        001DEE
__end_of_glcdSetOrigin              text5        001D9E
__end_of_glcdTransfer               text8        001E92
__end_of_initGLCD                   text2        001A60
__end_of_machineConfig              text1        001E32
__end_of_main                       text0        001754
__end_of_spiInit                    text3        001E6A
__end_of_spiSend                    text9        001EF2
__end_of_spiTransfer                text10       001EDC
__initialization                    cinit        001EDC
__mediumconst                       mediumconst  000000
__pbssCOMRAM                        bssCOMRAM    00002A
__pcinit                            cinit        001EDC
__pcstackCOMRAM                     cstackCOMRAM 000001
__psmallconst                       smallconst   001000
__ptext0                            text0        00104E
__ptext1                            text1        001DEE
__ptext10                           text10       001EB8
__ptext11                           text11       001E92
__ptext12                           text12       001C64
__ptext13                           text13       001BE0
__ptext2                            text2        001754
__ptext3                            text3        001E32
__ptext4                            text4        001D9E
__ptext5                            text5        001D42
__ptext6                            text6        001CD4
__ptext7                            text7        001A60
__ptext8                            text8        001E6A
__ptext9                            text9        001EE8
__ramtop                            ramtop       001000
__size_of___awdiv                   (abs)        000000
__size_of___awmod                   (abs)        000000
__size_of___wmul                    (abs)        000000
__size_of_glcdDrawPixel             (abs)        000000
__size_of_glcdDrawRectangle         (abs)        000000
__size_of_glcdSetCOLMOD             (abs)        000000
__size_of_glcdSetOrigin             (abs)        000000
__size_of_glcdTransfer              (abs)        000000
__size_of_initGLCD                  (abs)        000000
__size_of_machineConfig             (abs)        000000
__size_of_main                      (abs)        000000
__size_of_spiInit                   (abs)        000000
__size_of_spiSend                   (abs)        000000
__size_of_spiTransfer               (abs)        000000
__smallconst                        smallconst   001000
_glcdDrawPixel                      text6        001CD4
_glcdDrawRectangle                  text7        001A60
_glcdSetCOLMOD                      text4        001D9E
_glcdSetOrigin                      text5        001D42
_glcdTransfer                       text8        001E6A
_initGLCD                           text2        001754
_machineConfig                      text1        001DEE
_main                               text0        00104E
_main$1173                          cstackCOMRAM 000024
_nRBPU                              (abs)        007F8F
_spiInit                            text3        001E32
_spiSend                            text9        001EE8
_spiTransfer                        text10       001EB8
end_of_initialization               cinit        001EDE
glcdDrawPixel@XS                    cstackCOMRAM 000020
glcdDrawPixel@YS                    cstackCOMRAM 00001A
glcdDrawPixel@color                 cstackCOMRAM 00001B
glcdDrawRectangle@XE                cstackCOMRAM 000007
glcdDrawRectangle@XS                cstackCOMRAM 000019
glcdDrawRectangle@YE                cstackCOMRAM 000009
glcdDrawRectangle@YS                cstackCOMRAM 000008
glcdDrawRectangle@color             cstackCOMRAM 00000A
glcdDrawRectangle@colorData         cstackCOMRAM 000016
glcdDrawRectangle@i                 cstackCOMRAM 000014
glcdDrawRectangle@numLoops          cstackCOMRAM 000012
glcdSetCOLMOD@numBitsPerPixel       cstackCOMRAM 000007
glcdSetCOLMOD@rawData               cstackCOMRAM 000008
glcdSetOrigin@corner                cstackCOMRAM 000007
glcdTransfer@byte                   cstackCOMRAM 000006
glcdTransfer@cmd                    cstackCOMRAM 000004
intlevel0                           text         000000
intlevel1                           text         000000
intlevel2                           text         000000
intlevel3                           text         000000
main@rotation                       cstackCOMRAM 000023
main@x                              cstackCOMRAM 000029
main@y                              cstackCOMRAM 000028
spiInit@divider                     cstackCOMRAM 000001
spiSend@val                         cstackCOMRAM 000003
spiTransfer@byteToTransfer          cstackCOMRAM 000002
stackhi                             (abs)        000F7F
stacklo                             (abs)        000080
start                               init         000000
start_initialization                cinit        001EDC


FUNCTION INFORMATION:

 *************** function _main *****************
 Defined at:
		line 21 in file "main.c"
 Parameters:    Size  Location     Type
		None
 Auto vars:     Size  Location     Type
  x               1   40[COMRAM] unsigned char 
  y               1   39[COMRAM] unsigned char 
  rotation        1   34[COMRAM] unsigned char 
 Return value:  Size  Location     Type
                  1    wreg      void 
 Registers used:
		wreg, status,2, status,0, tblptrl, tblptrh, tblptru, prodl, prodh, cstack
 Tracked objects:
		On entry : 
		On exit  : 
		Unchanged: 
 Data sizes:     COMRAM   BANK0   BANK1   BANK2   BANK3   BANK4   BANK5   BANK6   BANK7   BANK8   BANK9  BANK10  BANK11  BANK12  BANK13  BANK14  BANK15
      Params:         0       0       0       0       0       0       0       0       0       0       0       0       0       0       0       0       0
      Locals:         7       0       0       0       0       0       0       0       0       0       0       0       0       0       0       0       0
      Temps:          2       0       0       0       0       0       0       0       0       0       0       0       0       0       0       0       0
      Totals:         9       0       0       0       0       0       0       0       0       0       0       0       0       0       0       0       0
Total ram usage:        9 bytes
 Hardware stack levels required when called:    5
 This function calls:
		___awdiv
		___awmod
		___wmul
		_glcdDrawPixel
		_glcdDrawRectangle
		_glcdSetOrigin
		_glcdTransfer
		_initGLCD
		_machineConfig
 This function is called by:
		Startup code after reset
 This function uses a non-reentrant model


 *************** function _machineConfig *****************
 Defined at:
		line 4 in file "../../src/PIC18F4620/machineConfig.c"
 Parameters:    Size  Location     Type
		None
 Auto vars:     Size  Location     Type
		None
 Return value:  Size  Location     Type
                  1    wreg      void 
 Registers used:
		wreg, status,2
 Tracked objects:
		On entry : 
		On exit  : 
		Unchanged: 
 Data sizes:     COMRAM   BANK0   BANK1   BANK2   BANK3   BANK4   BANK5   BANK6   BANK7   BANK8   BANK9  BANK10  BANK11  BANK12  BANK13  BANK14  BANK15
      Params:         0       0       0       0       0       0       0       0       0       0       0       0       0       0       0       0       0
      Locals:         0       0       0       0       0       0       0       0       0       0       0       0       0       0       0       0       0
      Temps:          0       0       0       0       0       0       0       0       0       0       0       0       0       0       0       0       0
      Totals:         0       0       0       0       0       0       0       0       0       0       0       0       0       0       0       0       0
Total ram usage:        0 bytes
 Hardware stack levels used:    1
 This function calls:
		Nothing
 This function is called by:
		_main
 This function uses a non-reentrant model


 *************** function _initGLCD *****************
 Defined at:
		line 272 in file "../../src/GLCD/GLCD_PIC_V1.1.c"
 Parameters:    Size  Location     Type
		None
 Auto vars:     Size  Location     Type
		None
 Return value:  Size  Location     Type
                  1    wreg      void 
 Registers used:
		wreg, status,2, status,0, tblptrl, tblptrh, tblptru, prodl, prodh, cstack
 Tracked objects:
		On entry : 
		On exit  : 
		Unchanged: 
 Data sizes:     COMRAM   BANK0   BANK1   BANK2   BANK3   BANK4   BANK5   BANK6   BANK7   BANK8   BANK9  BANK10  BANK11  BANK12  BANK13  BANK14  BANK15
      Params:         0       0       0       0       0       0       0       0       0       0       0       0       0       0       0       0       0
      Locals:         0       0       0       0       0       0       0       0       0       0       0       0       0       0       0       0       0
      Temps:          2       0       0       0       0       0       0       0       0       0       0       0       0       0       0       0       0
      Totals:         2       0       0       0       0       0       0       0       0       0       0       0       0       0       0       0       0
Total ram usage:        2 bytes
 Hardware stack levels used:    1
 Hardware stack levels required when called:    4
 This function calls:
		_glcdDrawRectangle
		_glcdSetCOLMOD
		_glcdTransfer
		_spiInit
 This function is called by:
		_main
 This function uses a non-reentrant model


 *************** function _spiInit *****************
 Defined at:
		line 54 in file "../../src/SPI/SPI_PIC.c"
 Parameters:    Size  Location     Type
  divider         1    wreg     unsigned char 
 Auto vars:     Size  Location     Type
  divider         1    0[COMRAM] unsigned char 
 Return value:  Size  Location     Type
                  1    wreg      void 
 Registers used:
		wreg, status,2, status,0
 Tracked objects:
		On entry : 
		On exit  : 
		Unchanged: 
 Data sizes:     COMRAM   BANK0   BANK1   BANK2   BANK3   BANK4   BANK5   BANK6   BANK7   BANK8   BANK9  BANK10  BANK11  BANK12  BANK13  BANK14  BANK15
      Params:         0       0       0       0       0       0       0       0       0       0       0       0       0       0       0       0       0
      Locals:         1       0       0       0       0       0       0       0       0       0       0       0       0       0       0       0       0
      Temps:          0       0       0       0       0       0       0       0       0       0       0       0       0       0       0       0       0
      Totals:         1       0       0       0       0       0       0       0       0       0       0       0       0       0       0       0       0
Total ram usage:        1 bytes
 Hardware stack levels used:    1
 This function calls:
		Nothing
 This function is called by:
		_initGLCD
 This function uses a non-reentrant model


 *************** function _glcdSetCOLMOD *****************
 Defined at:
		line 201 in file "../../src/GLCD/GLCD_PIC_V1.1.c"
 Parameters:    Size  Location     Type
  numBitsPerPi    1    wreg     unsigned char 
 Auto vars:     Size  Location     Type
  numBitsPerPi    1    6[COMRAM] unsigned char 
  rawData         2    7[COMRAM] unsigned short 
 Return value:  Size  Location     Type
                  1    wreg      void 
 Registers used:
		wreg, status,2, status,0, tblptrl, tblptrh, tblptru, cstack
 Tracked objects:
		On entry : 
		On exit  : 
		Unchanged: 
 Data sizes:     COMRAM   BANK0   BANK1   BANK2   BANK3   BANK4   BANK5   BANK6   BANK7   BANK8   BANK9  BANK10  BANK11  BANK12  BANK13  BANK14  BANK15
      Params:         0       0       0       0       0       0       0       0       0       0       0       0       0       0       0       0       0
      Locals:         3       0       0       0       0       0       0       0       0       0       0       0       0       0       0       0       0
      Temps:          0       0       0       0       0       0       0       0       0       0       0       0       0       0       0       0       0
      Totals:         3       0       0       0       0       0       0       0       0       0       0       0       0       0       0       0       0
Total ram usage:        3 bytes
 Hardware stack levels used:    1
 Hardware stack levels required when called:    3
 This function calls:
		_glcdTransfer
 This function is called by:
		_initGLCD
 This function uses a non-reentrant model


 *************** function _glcdSetOrigin *****************
 Defined at:
		line 229 in file "../../src/GLCD/GLCD_PIC_V1.1.c"
 Parameters:    Size  Location     Type
  corner          1    wreg     unsigned char 
 Auto vars:     Size  Location     Type
  corner          1    6[COMRAM] unsigned char 
 Return value:  Size  Location     Type
                  1    wreg      void 
 Registers used:
		wreg, status,2, status,0, tblptrl, tblptrh, tblptru, cstack
 Tracked objects:
		On entry : 
		On exit  : 
		Unchanged: 
 Data sizes:     COMRAM   BANK0   BANK1   BANK2   BANK3   BANK4   BANK5   BANK6   BANK7   BANK8   BANK9  BANK10  BANK11  BANK12  BANK13  BANK14  BANK15
      Params:         0       0       0       0       0       0       0       0       0       0       0       0       0       0       0       0       0
      Locals:         1       0       0       0       0       0       0       0       0       0       0       0       0       0       0       0       0
      Temps:          0       0       0       0       0       0       0       0       0       0       0       0       0       0       0       0       0
      Totals:         1       0       0       0       0       0       0       0       0       0       0       0       0       0       0       0       0
Total ram usage:        1 bytes
 Hardware stack levels used:    1
 Hardware stack levels required when called:    3
 This function calls:
		_glcdTransfer
 This function is called by:
		_main
 This function uses a non-reentrant model


 *************** function _glcdDrawPixel *****************
 Defined at:
		line 181 in file "../../src/GLCD/GLCD_PIC_V1.1.c"
 Parameters:    Size  Location     Type
  XS              1    wreg     unsigned char 
  YS              1   25[COMRAM] unsigned char 
  color           4   26[COMRAM] unsigned long 
 Auto vars:     Size  Location     Type
  XS              1   31[COMRAM] unsigned char 
 Return value:  Size  Location     Type
                  1    wreg      void 
 Registers used:
		wreg, status,2, status,0, tblptrl, tblptrh, tblptru, prodl, prodh, cstack
 Tracked objects:
		On entry : 
		On exit  : 
		Unchanged: 
 Data sizes:     COMRAM   BANK0   BANK1   BANK2   BANK3   BANK4   BANK5   BANK6   BANK7   BANK8   BANK9  BANK10  BANK11  BANK12  BANK13  BANK14  BANK15
      Params:         5       0       0       0       0       0       0       0       0       0       0       0       0       0       0       0       0
      Locals:         1       0       0       0       0       0       0       0       0       0       0       0       0       0       0       0       0
      Temps:          1       0       0       0       0       0       0       0       0       0       0       0       0       0       0       0       0
      Totals:         7       0       0       0       0       0       0       0       0       0       0       0       0       0       0       0       0
Total ram usage:        7 bytes
 Hardware stack levels used:    1
 Hardware stack levels required when called:    4
 This function calls:
		_glcdDrawRectangle
 This function is called by:
		_main
 This function uses a non-reentrant model


 *************** function _glcdDrawRectangle *****************
 Defined at:
		line 72 in file "../../src/GLCD/GLCD_PIC_V1.1.c"
 Parameters:    Size  Location     Type
  XS              1    wreg     unsigned char 
  XE              1    6[COMRAM] unsigned char 
  YS              1    7[COMRAM] unsigned char 
  YE              1    8[COMRAM] unsigned char 
  color           4    9[COMRAM] unsigned long 
 Auto vars:     Size  Location     Type
  XS              1   24[COMRAM] unsigned char 
  i               2   19[COMRAM] unsigned short 
  colorData       3   21[COMRAM] unsigned char [3]
  numLoops        2   17[COMRAM] unsigned short 
 Return value:  Size  Location     Type
                  1    wreg      void 
 Registers used:
		wreg, status,2, status,0, tblptrl, tblptrh, tblptru, prodl, prodh, cstack
 Tracked objects:
		On entry : 
		On exit  : 
		Unchanged: 
 Data sizes:     COMRAM   BANK0   BANK1   BANK2   BANK3   BANK4   BANK5   BANK6   BANK7   BANK8   BANK9  BANK10  BANK11  BANK12  BANK13  BANK14  BANK15
      Params:         7       0       0       0       0       0       0       0       0       0       0       0       0       0       0       0       0
      Locals:         8       0       0       0       0       0       0       0       0       0       0       0       0       0       0       0       0
      Temps:          4       0       0       0       0       0       0       0       0       0       0       0       0       0       0       0       0
      Totals:        19       0       0       0       0       0       0       0       0       0       0       0       0       0       0       0       0
Total ram usage:       19 bytes
 Hardware stack levels used:    1
 Hardware stack levels required when called:    3
 This function calls:
		___wmul
		_glcdTransfer
		_spiSend
 This function is called by:
		_main
		_glcdDrawPixel
		_initGLCD
 This function uses a non-reentrant model


 *************** function _glcdTransfer *****************
 Defined at:
		line 52 in file "../../src/GLCD/GLCD_PIC_V1.1.c"
 Parameters:    Size  Location     Type
  byte            1    wreg     unsigned char 
  cmd             1    3[COMRAM] unsigned char 
 Auto vars:     Size  Location     Type
  byte            1    5[COMRAM] unsigned char 
 Return value:  Size  Location     Type
                  1    wreg      void 
 Registers used:
		wreg, status,2, status,0, cstack
 Tracked objects:
		On entry : 
		On exit  : 
		Unchanged: 
 Data sizes:     COMRAM   BANK0   BANK1   BANK2   BANK3   BANK4   BANK5   BANK6   BANK7   BANK8   BANK9  BANK10  BANK11  BANK12  BANK13  BANK14  BANK15
      Params:         1       0       0       0       0       0       0       0       0       0       0       0       0       0       0       0       0
      Locals:         1       0       0       0       0       0       0       0       0       0       0       0       0       0       0       0       0
      Temps:          1       0       0       0       0       0       0       0       0       0       0       0       0       0       0       0       0
      Totals:         3       0       0       0       0       0       0       0       0       0       0       0       0       0       0       0       0
Total ram usage:        3 bytes
 Hardware stack levels used:    1
 Hardware stack levels required when called:    2
 This function calls:
		_spiSend
 This function is called by:
		_main
		_glcdDrawRectangle
		_glcdSetCOLMOD
		_glcdSetOrigin
		_initGLCD
 This function uses a non-reentrant model


 *************** function _spiSend *****************
 Defined at:
		line 33 in file "../../src/SPI/SPI_PIC.c"
 Parameters:    Size  Location     Type
  val             1    wreg     unsigned char 
 Auto vars:     Size  Location     Type
  val             1    2[COMRAM] unsigned char 
 Return value:  Size  Location     Type
                  1    wreg      void 
 Registers used:
		wreg, status,2, cstack
 Tracked objects:
		On entry : 
		On exit  : 
		Unchanged: 
 Data sizes:     COMRAM   BANK0   BANK1   BANK2   BANK3   BANK4   BANK5   BANK6   BANK7   BANK8   BANK9  BANK10  BANK11  BANK12  BANK13  BANK14  BANK15
      Params:         0       0       0       0       0       0       0       0       0       0       0       0       0       0       0       0       0
      Locals:         1       0       0       0       0       0       0       0       0       0       0       0       0       0       0       0       0
      Temps:          0       0       0       0       0       0       0       0       0       0       0       0       0       0       0       0       0
      Totals:         1       0       0       0       0       0       0       0       0       0       0       0       0       0       0       0       0
Total ram usage:        1 bytes
 Hardware stack levels used:    1
 Hardware stack levels required when called:    1
 This function calls:
		_spiTransfer
 This function is called by:
		_glcdTransfer
		_glcdDrawRectangle
 This function uses a non-reentrant model


 *************** function _spiTransfer *****************
 Defined at:
		line 12 in file "../../src/SPI/SPI_PIC.c"
 Parameters:    Size  Location     Type
  byteToTransf    1    wreg     unsigned char 
 Auto vars:     Size  Location     Type
  byteToTransf    1    1[COMRAM] unsigned char 
 Return value:  Size  Location     Type
                  1    wreg      unsigned char 
 Registers used:
		wreg, status,2
 Tracked objects:
		On entry : 
		On exit  : 
		Unchanged: 
 Data sizes:     COMRAM   BANK0   BANK1   BANK2   BANK3   BANK4   BANK5   BANK6   BANK7   BANK8   BANK9  BANK10  BANK11  BANK12  BANK13  BANK14  BANK15
      Params:         0       0       0       0       0       0       0       0       0       0       0       0       0       0       0       0       0
      Locals:         1       0       0       0       0       0       0       0       0       0       0       0       0       0       0       0       0
      Temps:          1       0       0       0       0       0       0       0       0       0       0       0       0       0       0       0       0
      Totals:         2       0       0       0       0       0       0       0       0       0       0       0       0       0       0       0       0
Total ram usage:        2 bytes
 Hardware stack levels used:    1
 This function calls:
		Nothing
 This function is called by:
		_spiSend
		_spiReceive
 This function uses a non-reentrant model


 *************** function ___wmul *****************
 Defined at:
		line 15 in file "D:\Program Files (x86)\Microchip\xc8\v1.42\sources\common\Umul16.c"
 Parameters:    Size  Location     Type
  multiplier      2    0[COMRAM] unsigned int 
  multiplicand    2    2[COMRAM] unsigned int 
 Auto vars:     Size  Location     Type
  product         2    4[COMRAM] unsigned int 
 Return value:  Size  Location     Type
                  2    0[COMRAM] unsigned int 
 Registers used:
		wreg, status,2, status,0, prodl, prodh
 Tracked objects:
		On entry : 
		On exit  : 
		Unchanged: 
 Data sizes:     COMRAM   BANK0   BANK1   BANK2   BANK3   BANK4   BANK5   BANK6   BANK7   BANK8   BANK9  BANK10  BANK11  BANK12  BANK13  BANK14  BANK15
      Params:         4       0       0       0       0       0       0       0       0       0       0       0       0       0       0       0       0
      Locals:         2       0       0       0       0       0       0       0       0       0       0       0       0       0       0       0       0
      Temps:          0       0       0       0       0       0       0       0       0       0       0       0       0       0       0       0       0
      Totals:         6       0       0       0       0       0       0       0       0       0       0       0       0       0       0       0       0
Total ram usage:        6 bytes
 Hardware stack levels used:    1
 This function calls:
		Nothing
 This function is called by:
		_main
		_glcdDrawRectangle
 This function uses a non-reentrant model


 *************** function ___awmod *****************
 Defined at:
		line 8 in file "D:\Program Files (x86)\Microchip\xc8\v1.42\sources\common\awmod.c"
 Parameters:    Size  Location     Type
  dividend        2    8[COMRAM] int 
  divisor         2   10[COMRAM] int 
 Auto vars:     Size  Location     Type
  sign            1   13[COMRAM] unsigned char 
  counter         1   12[COMRAM] unsigned char 
 Return value:  Size  Location     Type
                  2    8[COMRAM] int 
 Registers used:
		wreg, status,2, status,0
 Tracked objects:
		On entry : 
		On exit  : 
		Unchanged: 
 Data sizes:     COMRAM   BANK0   BANK1   BANK2   BANK3   BANK4   BANK5   BANK6   BANK7   BANK8   BANK9  BANK10  BANK11  BANK12  BANK13  BANK14  BANK15
      Params:         4       0       0       0       0       0       0       0       0       0       0       0       0       0       0       0       0
      Locals:         2       0       0       0       0       0       0       0       0       0       0       0       0       0       0       0       0
      Temps:          0       0       0       0       0       0       0       0       0       0       0       0       0       0       0       0       0
      Totals:         6       0       0       0       0       0       0       0       0       0       0       0       0       0       0       0       0
Total ram usage:        6 bytes
 Hardware stack levels used:    1
 This function calls:
		Nothing
 This function is called by:
		_main
 This function uses a non-reentrant model


 *************** function ___awdiv *****************
 Defined at:
		line 8 in file "D:\Program Files (x86)\Microchip\xc8\v1.42\sources\common\awdiv.c"
 Parameters:    Size  Location     Type
  dividend        2    0[COMRAM] int 
  divisor         2    2[COMRAM] int 
 Auto vars:     Size  Location     Type
  quotient        2    6[COMRAM] int 
  sign            1    5[COMRAM] unsigned char 
  counter         1    4[COMRAM] unsigned char 
 Return value:  Size  Location     Type
                  2    0[COMRAM] int 
 Registers used:
		wreg, status,2, status,0
 Tracked objects:
		On entry : 
		On exit  : 
		Unchanged: 
 Data sizes:     COMRAM   BANK0   BANK1   BANK2   BANK3   BANK4   BANK5   BANK6   BANK7   BANK8   BANK9  BANK10  BANK11  BANK12  BANK13  BANK14  BANK15
      Params:         4       0       0       0       0       0       0       0       0       0       0       0       0       0       0       0       0
      Locals:         4       0       0       0       0       0       0       0       0       0       0       0       0       0       0       0       0
      Temps:          0       0       0       0       0       0       0       0       0       0       0       0       0       0       0       0       0
      Totals:         8       0       0       0       0       0       0       0       0       0       0       0       0       0       0       0       0
Total ram usage:        8 bytes
 Hardware stack levels used:    1
 This function calls:
		Nothing
 This function is called by:
		_main
 This function uses a non-reentrant model



MODULE INFORMATION

Module		Function		Class		Link	Load	Size
../../src/SPI/SPI_PIC.c
		_spiTransfer   		CODE           	1EB8	0000	37
		_spiInit       		CODE           	1E32	0000	57
		_spiSend       		CODE           	1EE8	0000	11

../../src/SPI/SPI_PIC.c estimated size: 105

D:\Program Files (x86)\Microchip\xc8\v1.42\sources\common\awmod.c
		___awmod       		CODE           	1C64	0000	113

D:\Program Files (x86)\Microchip\xc8\v1.42\sources\common\awmod.c estimated size: 113

../../src/PIC18F4620/machineConfig.c
		_machineConfig 		CODE           	1DEE	0000	69

../../src/PIC18F4620/machineConfig.c estimated size: 69

../../src/GLCD/GLCD_PIC_V1.1.c
		_glcdDrawPixel 		CODE           	1CD4	0000	111
		_glcdDrawRectangle		CODE           	1A60	0000	385
		_glcdSetCOLMOD 		CODE           	1D9E	0000	81
		_glcdSetOrigin 		CODE           	1D42	0000	93
		_initGLCD      		CODE           	1754	0000	781
		_glcdTransfer  		CODE           	1E6A	0000	41

../../src/GLCD/GLCD_PIC_V1.1.c estimated size: 1492

D:\Program Files (x86)\Microchip\xc8\v1.42\sources\common\Umul16.c
		___wmul        		CODE           	1E92	0000	39

D:\Program Files (x86)\Microchip\xc8\v1.42\sources\common\Umul16.c estimated size: 39

shared
		_INST_TEON     		SMALLCONST     	1038	0000	2
		_INST_TEOFF    		SMALLCONST     	1039	0000	2
		_INST_PWCTR1   		SMALLCONST     	102F	0000	2
		_INST_PWCTR2   		SMALLCONST     	102E	0000	2
		_INST_PWCTR3   		SMALLCONST     	102D	0000	2
		_INST_PWCTR4   		SMALLCONST     	102C	0000	2
		_INST_PWCTR5   		SMALLCONST     	102B	0000	2
		_INST_COLMOD   		SMALLCONST     	1034	0000	2
		_INDIGO        		SMALLCONST     	1005	0000	5
		_INST_SWRESET  		SMALLCONST     	1045	0000	2
		_ORANGE        		SMALLCONST     	1015	0000	5
		_INST_FRMCTR1  		SMALLCONST     	1033	0000	2
		_INST_FRMCTR2  		SMALLCONST     	1032	0000	2
		_INST_FRMCTR3  		SMALLCONST     	1031	0000	2
		_GLCD_ADDRESSABLE_SIZE_HORZ		SMALLCONST     	104A	0000	2
		_GREY          		SMALLCONST     	1021	0000	5
		_INST_VMCTR1   		SMALLCONST     	102A	0000	2
		_VIOLET        		SMALLCONST     	1001	0000	5
		_INST_DISPON   		SMALLCONST     	103E	0000	2
		_INST_VMOFCTR2 		SMALLCONST     	1029	0000	2
		_INST_DISPOFF  		SMALLCONST     	103F	0000	2
		_RED           		SMALLCONST     	1019	0000	5
		_INST_CASET    		SMALLCONST     	103D	0000	2
		_INST_INVON    		SMALLCONST     	104C	0000	2
		_INST_INVOFF   		SMALLCONST     	104B	0000	2
		_INST_INVCTR   		SMALLCONST     	1030	0000	2
		__initialization		CODE           	1EDC	0000	3
		_INST_SLPIN    		SMALLCONST     	1044	0000	2
		_GLCD_SIZE_VERT		SMALLCONST     	1047	0000	2
		_INST_SLPOUT   		SMALLCONST     	1043	0000	2
		_GLCD_SIZE_HORZ		SMALLCONST     	1048	0000	2
		_INST_IDMON    		SMALLCONST     	1035	0000	2
		_INST_IDMOFF   		SMALLCONST     	1036	0000	2
		_INST_RASET    		SMALLCONST     	103C	0000	2
		_INST_RAMWR    		SMALLCONST     	103B	0000	2
		_WHITE         		SMALLCONST     	101D	0000	5
		_YELLOW        		SMALLCONST     	1011	0000	5
		_INST_GAMSET   		SMALLCONST     	1040	0000	2
		_INST_NOP      		SMALLCONST     	1046	0000	2
		_GLCD_ADDRESSABLE_SIZE_VERT		SMALLCONST     	1049	0000	2
		_INST_NORON    		SMALLCONST     	1041	0000	2
		_BLACK         		SMALLCONST     	1025	0000	5
		_INST_MADCTL   		SMALLCONST     	1037	0000	2
		_GREEN         		SMALLCONST     	100D	0000	5
		_INST_PTLAR    		SMALLCONST     	103A	0000	2
		_INST_PTLON    		SMALLCONST     	1042	0000	2
		_BLUE          		SMALLCONST     	1009	0000	5

shared estimated size: 125

D:\Program Files (x86)\Microchip\xc8\v1.42\sources\common\awdiv.c
		___awdiv       		CODE           	1BE0	0000	133

D:\Program Files (x86)\Microchip\xc8\v1.42\sources\common\awdiv.c estimated size: 133

main.c
		_main          		CODE           	104E	0000	1799

main.c estimated size: 1799

